MO M4_1E_MXILINX_ALU1b NULL ALU1b.vf vlg62/_m4__1_e___m_x_i_l_i_n_x___a_l_u1b.bin 1415152638
MO Add1b_MUSER_ALU1b NULL ALU1b.vf vlg23/_add1b___m_u_s_e_r___a_l_u1b.bin 1415152638
MO ALU1b NULL ALU1b.vf vlg71/_a_l_u1b.bin 1415152638
MO M2_1E_MXILINX_ALU1b NULL ALU1b.vf vlg58/_m2__1_e___m_x_i_l_i_n_x___a_l_u1b.bin 1415152638
MO M2_1_MXILINX_ALU1b NULL ALU1b.vf vlg0F/_m2__1___m_x_i_l_i_n_x___a_l_u1b.bin 1415152638
MO Add1b NULL Add1b.vf vlg20/_add1b.bin 1415152638
